building SDDB manifest...
skipped 5 windows with NaN gaps (digitized-tape corruption)
windows: 1829 ({'pre': 1139, 'far': 690})
label sums: {1: 178, 6: 1126, 24: 1812}
(24 h labels are all-positive on SDDB: no record extends far enough before onset to supply 24 h negatives)
modality masks: {'vitals': np.float32(1.0), 'eng': np.float32(1.0), 'ecg': np.float32(1.0), 'ppg': np.float32(0.0)}

(a) zero-shot (synthetic-trained model):
   1h: AUROC 0.338 | AUPRC 0.146
   6h: AUROC 0.447 | AUPRC 0.578
  24h: AUROC 0.262 | AUPRC 0.982 (degenerate: no negatives on SDDB)

(b) 5-fold grouped-by-record CV: ['gate', 'attn', 'weight']

--- variant gate (15 epochs) ---
  fold 0: test records [3, 8, 12, 13] (n=426) done | val AUC6h last epoch 0.3868026615706951
  fold 1: test records [10, 14, 15, 16] (n=167) done | val AUC6h last epoch 0.006024096385542169
  fold 2: test records [0, 1, 6, 7] (n=386) done | val AUC6h last epoch 0.5033631367402182
  fold 3: test records [4, 5, 18, 19] (n=381) done | val AUC6h last epoch 0.4407032866007814
  fold 4: test records [2, 9, 11, 17] (n=469) done | val AUC6h last epoch 0.4525013743815283
   1h: AUROC 0.656 [0.544, 0.780] | AUPRC 0.243 [0.187, 0.304]
   6h: AUROC 0.386 [0.333, 0.432] | AUPRC 0.542 [0.486, 0.612]
  24h: AUROC 0.828 [0.765, 0.956] | AUPRC 0.997 [0.995, 1.000]
  time-averaged AUC across lead-time bins: 0.4583704269536075
  identity probe acc (train windows): 0.402 (chance 1/20 = 0.050)

--- variant attn (15 epochs) ---
  fold 0: test records [3, 8, 12, 13] (n=426) done | val AUC6h last epoch 0.45358368061151655
  fold 1: test records [10, 14, 15, 16] (n=167) done | val AUC6h last epoch 0.0
  fold 2: test records [0, 1, 6, 7] (n=386) done | val AUC6h last epoch 0.5985836546085911
  fold 3: test records [4, 5, 18, 19] (n=381) done | val AUC6h last epoch 0.485779131234199
  fold 4: test records [2, 9, 11, 17] (n=469) done | val AUC6h last epoch 0.4938977460142936
   1h: AUROC 0.632 [0.515, 0.749] | AUPRC 0.302 [0.209, 0.393]
   6h: AUROC 0.472 [0.401, 0.528] | AUPRC 0.594 [0.535, 0.672]
  24h: AUROC 0.824 [0.764, 0.926] | AUPRC 0.997 [0.995, 0.999]
  time-averaged AUC across lead-time bins: 0.46264831121020883
  identity probe acc (train windows): 0.143 (chance 1/20 = 0.050)

--- variant weight (15 epochs) ---
  fold 0: test records [3, 8, 12, 13] (n=426) done | val AUC6h last epoch 0.38086247783943084
  fold 1: test records [10, 14, 15, 16] (n=167) done | val AUC6h last epoch 0.0
  fold 2: test records [0, 1, 6, 7] (n=386) done | val AUC6h last epoch 0.48329368659940397
  fold 3: test records [4, 5, 18, 19] (n=381) done | val AUC6h last epoch 0.49382325902091473
  fold 4: test records [2, 9, 11, 17] (n=469) done | val AUC6h last epoch 0.45361920469122224
   1h: AUROC 0.663 [0.546, 0.780] | AUPRC 0.252 [0.192, 0.322]
   6h: AUROC 0.392 [0.341, 0.440] | AUPRC 0.546 [0.489, 0.612]
  24h: AUROC 0.826 [0.762, 0.947] | AUPRC 0.998 [0.996, 1.000]
  time-averaged AUC across lead-time bins: 0.46298700966751855
  identity probe acc (train windows): 0.354 (chance 1/20 = 0.050)

attention salience (last-history-position mean weight per bin):
  gate        (0,1] 0.000 | (1,6] 0.000 | (6,24] 0.000
  attn        (0,1] 0.000 | (1,6] 0.000 | (6,24] 0.000
  weight      (0,1] 0.000 | (1,6] 0.000 | (6,24] 0.000

saved -> outputs/sddb_v2_fusion_metrics.json
(honest caveat: Holter 1980s data, 20 patients, no PPG/ABP -> a real-data smoke test, not a clinical validation)
